// Jest Snapshot v1, https://goo.gl/fbAQLP

exports[`<Cell /> rendering matches snapshot 1`] = `<DocumentFragment />`;

exports[`<Cell /> rendering matches snapshot when not lit 1`] = `<DocumentFragment />`;
